============================= test session starts =============================
platform win32 -- Python 3.14.0, pytest-9.0.3, pluggy-1.6.0 -- C:\Users\kadir\.gemini\antigravity\scratch\DrAI\.venv\Scripts\python.exe
cachedir: .pytest_cache
rootdir: C:\Users\kadir\.gemini\antigravity\scratch\DrAI
plugins: anyio-4.13.0
collecting ... collected 1 item

tests/test_main.py::test_health_check PASSED                             [100%]

============================== 1 passed in 0.38s ==============================
